# kind        role            range      reveal        source
Style         heading            0..15   never         "# ATX heading #" depth=1
Conceal       marker             0..2    caret_in_line "# "
Conceal       marker            13..15   caret_in_line " #"
Style         heading           17..27   never         "Setext one" depth=1
Conceal       marker            28..38   caret_in_line "=========="
Style         heading           40..50   never         "Setext two" depth=2
Conceal       marker            51..61   caret_in_line "----------"
Conceal       marker           197..198  caret_in_node "*"
Style         emphasis         198..206  never         "emphasis"
Conceal       marker           206..207  caret_in_node "*"
Conceal       marker           209..210  caret_in_node "_"
Style         emphasis         210..223  never         "also emphasis"
Conceal       marker           223..224  caret_in_node "_"
Conceal       marker           226..228  caret_in_node "**"
Style         strong           228..234  never         "strong"
Conceal       marker           234..236  caret_in_node "**"
Conceal       marker           238..240  caret_in_node "__"
Style         strong           240..251  never         "also strong"
Conceal       marker           251..253  caret_in_node "__"
Style         code.inline      259..272  never         "`inline code`"
Conceal       marker           259..260  caret_in_node "`"
Conceal       marker           271..272  caret_in_node "`"
Conceal       marker           275..276  caret_in_node "["
Style         link.text        276..287  never         "inline link"
Conceal       link             287..317  caret_in_node "](https://example.dev \"title\")"
Conceal       marker           319..320  caret_in_node "["
Style         link.text        320..334  never         "reference link"
Conceal       link             334..341  caret_in_node "][docs]"
Conceal       marker           343..344  caret_in_node "<"
Style         link.text        344..372  never         "https://example.dev/autolink"
Conceal       link             372..373  caret_in_node ">"
Conceal       marker           379..380  caret_in_node "<"
Style         link.text        380..397  never         "hello@example.dev"
Conceal       link             397..398  caret_in_node ">"
InlineWidget  image            401..431  caret_in_node "![image alt](assets/image.png)"
Gutter        quote            460..461  never         ">" depth=1
Gutter        quote            474..475  never         ">" depth=1
Gutter        quote            476..477  never         ">" depth=1
Gutter        quote            478..479  never         ">" depth=2
Gutter        list.bullet      494..495  never         "-"
Gutter        list.bullet      503..504  never         "-"
Hit           task.checkbox    505..508  never         "[ ]"
Gutter        list.bullet      519..520  never         "-"
Hit           task.checkbox    521..524  never         "[x]"
Gutter        list.bullet      541..543  never         "3."
Gutter        list.bullet      563..565  never         "4."
Style         code.block       627..641  never         "indented code\n"
Style         code.block       642..668  never         "```rust\nfenced_code();\n```"
Style         html             670..696  never         "<section data-kind=\"raw\">\n"
Style         html             696..707  never         "HTML block\n"
Style         html             707..718  never         "</section>\n"
Style         html             726..731  never         "<kbd>"
Style         html             735..741  never         "</kbd>"
Style         rule             757..761  never         "---\n"
BlockWidget   table            762..910  caret_in_block "| Name | Profile | Asset | Score |\n| :--- | :-----: | :---- | ----: |\n| **Ada** | [profile](https://example.dev/ada) | ![chart](chart.png) | `10` |\n"
Style         table.header     762..797  never         "| Name | Profile | Asset | Score |\n"
Style         table.cell       763..769  never         " Name "
Style         table.cell       770..779  never         " Profile "
Style         table.cell       780..787  never         " Asset "
Style         table.cell       788..795  never         " Score "
Style         table.delimiter  797..831  never         "| :--- | :-----: | :---- | ----: |"
Style         table.cell       833..842  never         " **Ada** "
Conceal       marker           834..836  caret_in_node "**"
Style         strong           836..839  never         "Ada"
Conceal       marker           839..841  caret_in_node "**"
Style         table.cell       843..879  never         " [profile](https://example.dev/ada) "
Conceal       marker           844..845  caret_in_node "["
Style         link.text        845..852  never         "profile"
Conceal       link             852..878  caret_in_node "](https://example.dev/ada)"
Style         table.cell       880..901  never         " ![chart](chart.png) "
InlineWidget  image            881..900  caret_in_node "![chart](chart.png)"
Style         table.cell       902..908  never         " `10` "
Style         code.inline      903..907  never         "`10`"
Conceal       marker           903..904  caret_in_node "`"
Conceal       marker           906..907  caret_in_node "`"
Conceal       marker           911..913  caret_in_node "~~"
Style         strikethrough    913..926  never         "strikethrough"
Conceal       marker           926..928  caret_in_node "~~"
