# kind        role            range      reveal        source
InlineWidget  mention            5..10   caret_in_node "@gabe"
Style         wikilink          17..32   caret_in_node "[[the roadmap]]"
BlockWidget   callout           35..76   caret_in_block "```callout warning\nShip it carefully.\n```"
Conceal       marker            35..54   caret_in_block "```callout warning\n"
Conceal       marker            73..76   caret_in_block "```"
Style         code.block        78..110  never         "```rust\nfn unregistered() {}\n```"
Conceal       marker            78..86   caret_in_block "```rust\n"
Conceal       marker           107..110  caret_in_block "```"
BlockWidget   chart            112..150  caret_in_block ":::chart\n**not decorated in here**\n:::"
