# kind        role            range      reveal        source
Style         heading            0..23   never         "## Heading with a caret"
Style         marker             0..3    caret_in_line "## "
Conceal       marker            30..32   caret_in_node "**"
Style         strong            32..36   never         "bold"
Conceal       marker            36..38   caret_in_node "**"
